
Memory Configuration

Name             Origin             Length             Attributes
flash            0x08000000         0x00020000         xr
sram             0x20000000         0x00005000         xrw
*default*        0x00000000         0xffffffff

Linker script and memory map


.text           0x08000000      0x12b
                0x08000000                _S_text = .
 *(.vectors*)
 .vectors       0x08000000       0x1c startup.o
                0x08000000                vectors
 *(.text*)
 .text          0x0800001c       0x7c main2.o
                0x0800001c                main
 .text          0x08000098       0x90 startup.o
                0x08000098                H_Fault_Handler
                0x08000098                MM_Fault_Handler
                0x08000098                Usage_Fault_Handler
                0x08000098                Bus_Fault
                0x08000098                Default_Handler
                0x08000098                NMI_Handler
                0x080000a4                Reset_Handler
 *(.rodata)
 .rodata        0x08000128        0x3 main2.o
                0x08000128                const_variable
                0x0800012b                _E_text = .

.glue_7         0x0800012c        0x0
 .glue_7        0x0800012c        0x0 linker stubs

.glue_7t        0x0800012c        0x0
 .glue_7t       0x0800012c        0x0 linker stubs

.vfp11_veneer   0x0800012c        0x0
 .vfp11_veneer  0x0800012c        0x0 linker stubs

.v4_bx          0x0800012c        0x0
 .v4_bx         0x0800012c        0x0 linker stubs

.iplt           0x0800012c        0x0
 .iplt          0x0800012c        0x0 main2.o

.rel.dyn        0x0800012c        0x0
 .rel.iplt      0x0800012c        0x0 main2.o

.data           0x20000000        0x8 load address 0x0800012b
                0x20000000                _S_data = .
 *(.data)
 .data          0x20000000        0x7 main2.o
                0x20000000                R_ODR
                0x20000004                g_variable
 .data          0x20000007        0x0 startup.o
                0x20000007                _E_data = .
                0x20000008                . = ALIGN (0x4)
 *fill*         0x20000007        0x1 

.igot.plt       0x20000008        0x0 load address 0x08000133
 .igot.plt      0x20000008        0x0 main2.o

.bss            0x20000008     0x1000 load address 0x08000133
                0x20000008                _S_bss = .
 *(.bss*)
 .bss           0x20000008        0x0 main2.o
 .bss           0x20000008        0x0 startup.o
                0x20000008                _E_bss = .
                0x20000008                . = ALIGN (0x4)
                0x20001008                . = (. + 0x1000)
 *fill*         0x20000008     0x1000 
                0x20001008                _STACK_TOP = .
LOAD main2.o
LOAD startup.o
OUTPUT(led_toggle.elf elf32-littlearm)

.debug_info     0x00000000      0x351
 .debug_info    0x00000000      0x19d main2.o
 .debug_info    0x0000019d      0x1b4 startup.o

.debug_abbrev   0x00000000      0x1cf
 .debug_abbrev  0x00000000       0xf7 main2.o
 .debug_abbrev  0x000000f7       0xd8 startup.o

.debug_loc      0x00000000       0xb4
 .debug_loc     0x00000000       0x38 main2.o
 .debug_loc     0x00000038       0x7c startup.o

.debug_aranges  0x00000000       0x40
 .debug_aranges
                0x00000000       0x20 main2.o
 .debug_aranges
                0x00000020       0x20 startup.o

.debug_line     0x00000000      0x1a6
 .debug_line    0x00000000       0xca main2.o
 .debug_line    0x000000ca       0xdc startup.o

.debug_str      0x00000000      0x1c2
 .debug_str     0x00000000      0x130 main2.o
                                0x16d (size before relaxing)
 .debug_str     0x00000130       0x92 startup.o
                                0x1af (size before relaxing)

.comment        0x00000000       0x7e
 .comment       0x00000000       0x7e main2.o
                                 0x7f (size before relaxing)
 .comment       0x0000007e       0x7f startup.o

.ARM.attributes
                0x00000000       0x33
 .ARM.attributes
                0x00000000       0x33 main2.o
 .ARM.attributes
                0x00000033       0x33 startup.o

.debug_frame    0x00000000       0x7c
 .debug_frame   0x00000000       0x2c main2.o
 .debug_frame   0x0000002c       0x50 startup.o
