
Memory Configuration

Name             Origin             Length             Attributes
flash            0x08000000         0x00020000         xr
sram             0x20000000         0x00005000         xrw
*default*        0x00000000         0xffffffff

Linker script and memory map


.text           0x08000000       0xd0
 *(.vectors*)
 .vectors       0x08000000       0x50 startup.o
 *(.text*)
 .text          0x08000050       0x78 main.o
                0x08000050                main
 .text          0x080000c8        0x8 startup.o

.glue_7         0x080000d0        0x0
 .glue_7        0x080000d0        0x0 linker stubs

.glue_7t        0x080000d0        0x0
 .glue_7t       0x080000d0        0x0 linker stubs

.vfp11_veneer   0x080000d0        0x0
 .vfp11_veneer  0x080000d0        0x0 linker stubs

.v4_bx          0x080000d0        0x0
 .v4_bx         0x080000d0        0x0 linker stubs

.iplt           0x080000d0        0x0
 .iplt          0x080000d0        0x0 main.o

.rel.dyn        0x080000d0        0x0
 .rel.iplt      0x080000d0        0x0 main.o

.data           0x080000d0        0x4
 *(.data)
 .data          0x080000d0        0x4 main.o
                0x080000d0                R_ODR
 .data          0x080000d4        0x0 startup.o

.igot.plt       0x080000d4        0x0
 .igot.plt      0x080000d4        0x0 main.o

.bss            0x20000000      0x3e8
 *(.bss*)
 .bss           0x20000000        0x0 main.o
 .bss           0x20000000        0x0 startup.o
                0x200003e8                . = (. + 0x3e8)
 *fill*         0x20000000      0x3e8 
                0x200003e8                stack_top = .
LOAD main.o
LOAD startup.o
OUTPUT(led_toggle.elf elf32-littlearm)

.debug_info     0x00000000      0x12e
 .debug_info    0x00000000      0x108 main.o
 .debug_info    0x00000108       0x26 startup.o

.debug_abbrev   0x00000000       0xb5
 .debug_abbrev  0x00000000       0xa1 main.o
 .debug_abbrev  0x000000a1       0x14 startup.o

.debug_loc      0x00000000       0x38
 .debug_loc     0x00000000       0x38 main.o

.debug_aranges  0x00000000       0x40
 .debug_aranges
                0x00000000       0x20 main.o
 .debug_aranges
                0x00000020       0x20 startup.o

.debug_line     0x00000000      0x104
 .debug_line    0x00000000       0xc9 main.o
 .debug_line    0x000000c9       0x3b startup.o

.debug_str      0x00000000      0x123
 .debug_str     0x00000000      0x10a main.o
                                0x147 (size before relaxing)
 .debug_str     0x0000010a       0x19 startup.o
                                 0x2b (size before relaxing)

.comment        0x00000000       0x7e
 .comment       0x00000000       0x7e main.o
                                 0x7f (size before relaxing)

.ARM.attributes
                0x00000000       0x31
 .ARM.attributes
                0x00000000       0x33 main.o
 .ARM.attributes
                0x00000033       0x21 startup.o

.debug_frame    0x00000000       0x2c
 .debug_frame   0x00000000       0x2c main.o
